// Jest Snapshot v1, https://goo.gl/fbAQLP

exports[`Works when it has only passing tests 1`] = `
"PASS integrationTests/__fixtures__/passing/__src__/file1.js
  âœ“
Test Suites: 1 passed, 1 total
Tests:       1 passed, 1 total
Snapshots:   0 total
Time:
Ran all test suites.
"
`;
